this file stores errors.
